
R version 3.2.0 (2015-04-16) -- "Full of Ingredients"
Copyright (C) 2015 The R Foundation for Statistical Computing
Platform: x86_64-unknown-linux-gnu (64-bit)

R is free software and comes with ABSOLUTELY NO WARRANTY.
You are welcome to redistribute it under certain conditions.
Type 'license()' or 'licence()' for distribution details.

R is a collaborative project with many contributors.
Type 'contributors()' for more information and
'citation()' on how to cite R or R packages in publications.

Type 'demo()' for some demos, 'help()' for on-line help, or
'help.start()' for an HTML browser interface to help.
Type 'q()' to quit R.

> 
> load(file="supreme54.RData")
> 
> install.packages("statnet", Sys.getenv("R_LIBS_USER"), repos = "http://cran.case.edu" )
unable to reach CRAN

The downloaded source packages are in
	'/tmp/RtmpAzumI1/downloaded_packages'
> library(statnet)
> 
> 
> set.seed(1)
> model20.mle<- ergm(scnetwork54~edges+ nodecov('salience')+ nodecov('year.center') + absdiff('year.center') + absdiff('year.center.square') + dsp(0) + esp(0),
+                  control=control.ergm(MCMLE.maxit = 10000,MCMC.samplesize=131072,  parallel=8))  #MCMLE.termination = "Hotelling",MCMC.samplesize=8224,
Starting maximum likelihood estimation via MCMLE:
Iteration 1 of at most 10000: 
The log-likelihood did not improve.
Iteration 2 of at most 10000: 
The log-likelihood improved by 4.172 
Iteration 3 of at most 10000: 
The log-likelihood improved by 4.468 
Iteration 4 of at most 10000: 
The log-likelihood improved by 4.47 
Iteration 5 of at most 10000: 
The log-likelihood improved by 4.639 
Iteration 6 of at most 10000: 
The log-likelihood improved by 3.648 
Iteration 7 of at most 10000: 
The log-likelihood improved by 3.933 
Iteration 8 of at most 10000: 
The log-likelihood improved by 4.526 
Iteration 9 of at most 10000: 
The log-likelihood improved by 3.5 
Iteration 10 of at most 10000: 
The log-likelihood improved by 4.515 
Iteration 11 of at most 10000: 
The log-likelihood improved by 2.949 
Iteration 12 of at most 10000: 
The log-likelihood improved by 3.557 
Iteration 13 of at most 10000: 
The log-likelihood improved by 3.228 
Iteration 14 of at most 10000: 
The log-likelihood improved by 5.032 
Iteration 15 of at most 10000: 
The log-likelihood improved by 4.409 
Iteration 16 of at most 10000: 
The log-likelihood improved by 4.246 
Iteration 17 of at most 10000: 
The log-likelihood improved by 4.583 
Iteration 18 of at most 10000: 
The log-likelihood improved by 4.88 
Iteration 19 of at most 10000: 
The log-likelihood improved by 3.288 
Iteration 20 of at most 10000: 
The log-likelihood improved by 3.995 
Iteration 21 of at most 10000: 
The log-likelihood improved by 3.355 
Iteration 22 of at most 10000: 
The log-likelihood improved by 3.552 
Iteration 23 of at most 10000: 
The log-likelihood improved by 4.082 
Iteration 24 of at most 10000: 
The log-likelihood improved by 4.703 
Iteration 25 of at most 10000: 
The log-likelihood improved by 4.681 
Iteration 26 of at most 10000: 
The log-likelihood improved by 5.211 
Iteration 27 of at most 10000: 
The log-likelihood improved by 4.212 
Iteration 28 of at most 10000: 
The log-likelihood improved by 4.133 
Iteration 29 of at most 10000: 
The log-likelihood improved by 5.104 
Iteration 30 of at most 10000: 
The log-likelihood improved by 3.839 
Iteration 31 of at most 10000: 
The log-likelihood improved by 4.956 
Iteration 32 of at most 10000: 
The log-likelihood improved by 4.711 
Iteration 33 of at most 10000: 
The log-likelihood improved by 4.646 
Iteration 34 of at most 10000: 
The log-likelihood improved by 3.84 
Iteration 35 of at most 10000: 
The log-likelihood improved by 4.123 
Iteration 36 of at most 10000: 
The log-likelihood improved by 4.037 
Iteration 37 of at most 10000: 
The log-likelihood improved by 4.357 
Iteration 38 of at most 10000: 
The log-likelihood improved by 3.88 
Iteration 39 of at most 10000: 
The log-likelihood improved by 3.876 
Iteration 40 of at most 10000: 
The log-likelihood improved by 4.139 
Iteration 41 of at most 10000: 
The log-likelihood improved by 5.473 
Iteration 42 of at most 10000: 
The log-likelihood improved by 4.496 
Iteration 43 of at most 10000: 
The log-likelihood improved by 4.075 
Iteration 44 of at most 10000: 
The log-likelihood improved by 5.706 
Iteration 45 of at most 10000: 
The log-likelihood improved by 5.005 
Iteration 46 of at most 10000: 
The log-likelihood improved by 4.245 
Iteration 47 of at most 10000: 
The log-likelihood improved by 4.433 
Iteration 48 of at most 10000: 
The log-likelihood improved by 4.46 
Iteration 49 of at most 10000: 
The log-likelihood improved by 5.178 
Iteration 50 of at most 10000: 
The log-likelihood improved by 4.829 
Iteration 51 of at most 10000: 
The log-likelihood improved by 6.136 
Iteration 52 of at most 10000: 
The log-likelihood improved by 4.581 
Iteration 53 of at most 10000: 
The log-likelihood improved by 4.927 
Iteration 54 of at most 10000: 
The log-likelihood improved by 2.864 
Step length converged once. Increasing MCMC sample size.
Iteration 55 of at most 10000: 
The log-likelihood improved by 0.3635 
Step length converged twice. Stopping.
Evaluating log-likelihood at the estimate. Using 20 bridges: 1 2 3 4 5 6 7 8 9 10 11 12 13 14 15 16 17 18 19 20 .

This model was fit using MCMC.  To examine model diagnostics and check for degeneracy, use the mcmc.diagnostics() function.
> summary(model20.mle)

==========================
Summary of model fit
==========================

Formula:   scnetwork54 ~ edges + nodecov("salience") + nodecov("year.center") + 
    absdiff("year.center") + absdiff("year.center.square") + 
    dsp(0) + esp(0)

Iterations:  55 out of 10000 

Monte Carlo MLE Results:
                             Estimate Std. Error MCMC %  p-value    
edges                      -5.6433748  0.0266713      0  < 1e-04 ***
nodecov.salience            0.5902725  0.0114516      1  < 1e-04 ***
nodecov.year.center         0.2487192  0.0119134      0  < 1e-04 ***
absdiff.year.center        -2.5087371  0.1663721      0  < 1e-04 ***
absdiff.year.center.square  0.2387154  0.0682173      0 0.000466 ***
dsp0                        0.0006335  0.0002300      0 0.005871 ** 
esp0                       -3.1312067  0.0120273      0  < 1e-04 ***
---
Signif. codes:  0 '***' 0.001 '**' 0.01 '*' 0.05 '.' 0.1 ' ' 1

     Null Deviance: 58955291  on 42527253  degrees of freedom
 Residual Deviance:   820891  on 42527246  degrees of freedom
 
AIC: 820905    BIC: 821014    (Smaller is better.) 
> 
> #cov(model20.mle[[2]])
> 
> save.image(file="workspace_large.RData")
> 
> 
